May 12 05:52:04.684 WARN s:/n:/ic_query_stats/payload_builder Current stats are uninitialized. This warning should go away after some minutes if the replica is processing query calls.
May 12 05:52:07.225 WARN s:/n:/ic_query_stats/payload_builder Current stats are uninitialized. This warning should go away after some minutes if the replica is processing query calls.
May 12 05:52:07.903 WARN s:/n:/ic_query_stats/payload_builder Current stats are uninitialized. This warning should go away after some minutes if the replica is processing query calls.
2026-05-12T05:52:08.146716Z  WARN ic_gateway::routing::ic: Fetching IC root key (UNSAFE)
2026-05-12T05:52:08.147875Z  WARN ic_bn_lib::tasks: TaskManager: starting 1 tasks
2026-05-12T05:52:08.252982Z  WARN ic_bn_lib::tasks: Task 'custom_domain_storage': running with interval 1s
2026-05-12T05:52:08.254314Z  WARN ic_gateway::routing::domain: CustomDomainStorage: unable to fetch domains from provider 'LocalFileProvider(/var/folders/c0/wmdw9g8d70xdy1xmlw3qmdfm0000gn/T/.tmpUHINQW/custom-domains.txt)': unable to read file: No such file or directory (os error 2)
2026-05-12T05:52:09.253689Z  WARN ic_gateway::routing::domain: CustomDomainStorage: unable to fetch domains from provider 'LocalFileProvider(/var/folders/c0/wmdw9g8d70xdy1xmlw3qmdfm0000gn/T/.tmpUHINQW/custom-domains.txt)': unable to read file: No such file or directory (os error 2)
2026-05-12T05:52:10.254278Z  WARN ic_gateway::routing::domain: CustomDomainStorage: unable to fetch domains from provider 'LocalFileProvider(/var/folders/c0/wmdw9g8d70xdy1xmlw3qmdfm0000gn/T/.tmpUHINQW/custom-domains.txt)': unable to read file: No such file or directory (os error 2)
2026-05-12T05:52:11.254784Z  WARN ic_gateway::routing::domain: CustomDomainStorage: unable to fetch domains from provider 'LocalFileProvider(/var/folders/c0/wmdw9g8d70xdy1xmlw3qmdfm0000gn/T/.tmpUHINQW/custom-domains.txt)': unable to read file: No such file or directory (os error 2)
2026-05-12T05:52:12.254726Z  WARN ic_gateway::routing::domain: CustomDomainStorage: unable to fetch domains from provider 'LocalFileProvider(/var/folders/c0/wmdw9g8d70xdy1xmlw3qmdfm0000gn/T/.tmpUHINQW/custom-domains.txt)': unable to read file: No such file or directory (os error 2)
2026-05-12T05:52:13.254836Z  WARN ic_gateway::routing::domain: CustomDomainStorage: unable to fetch domains from provider 'LocalFileProvider(/var/folders/c0/wmdw9g8d70xdy1xmlw3qmdfm0000gn/T/.tmpUHINQW/custom-domains.txt)': unable to read file: No such file or directory (os error 2)
2026-05-12T05:52:14.254413Z  WARN ic_gateway::routing::domain: CustomDomainStorage: unable to fetch domains from provider 'LocalFileProvider(/var/folders/c0/wmdw9g8d70xdy1xmlw3qmdfm0000gn/T/.tmpUHINQW/custom-domains.txt)': unable to read file: No such file or directory (os error 2)
2026-05-12T05:52:15.254610Z  WARN ic_gateway::routing::domain: CustomDomainStorage: unable to fetch domains from provider 'LocalFileProvider(/var/folders/c0/wmdw9g8d70xdy1xmlw3qmdfm0000gn/T/.tmpUHINQW/custom-domains.txt)': unable to read file: No such file or directory (os error 2)
2026-05-12T05:52:16.254804Z  WARN ic_gateway::routing::domain: CustomDomainStorage: unable to fetch domains from provider 'LocalFileProvider(/var/folders/c0/wmdw9g8d70xdy1xmlw3qmdfm0000gn/T/.tmpUHINQW/custom-domains.txt)': unable to read file: No such file or directory (os error 2)
2026-05-12T05:52:17.254145Z  WARN ic_gateway::routing::domain: CustomDomainStorage: unable to fetch domains from provider 'LocalFileProvider(/var/folders/c0/wmdw9g8d70xdy1xmlw3qmdfm0000gn/T/.tmpUHINQW/custom-domains.txt)': unable to read file: No such file or directory (os error 2)
2026-05-12T05:52:18.254131Z  WARN ic_gateway::routing::domain: CustomDomainStorage: unable to fetch domains from provider 'LocalFileProvider(/var/folders/c0/wmdw9g8d70xdy1xmlw3qmdfm0000gn/T/.tmpUHINQW/custom-domains.txt)': unable to read file: No such file or directory (os error 2)
2026-05-12T05:52:19.254642Z  WARN ic_gateway::routing::domain: CustomDomainStorage: unable to fetch domains from provider 'LocalFileProvider(/var/folders/c0/wmdw9g8d70xdy1xmlw3qmdfm0000gn/T/.tmpUHINQW/custom-domains.txt)': unable to read file: No such file or directory (os error 2)
2026-05-12T05:52:20.253846Z  WARN ic_gateway::routing::domain: CustomDomainStorage: unable to fetch domains from provider 'LocalFileProvider(/var/folders/c0/wmdw9g8d70xdy1xmlw3qmdfm0000gn/T/.tmpUHINQW/custom-domains.txt)': unable to read file: No such file or directory (os error 2)
2026-05-12T05:52:21.253847Z  WARN ic_gateway::routing::domain: CustomDomainStorage: unable to fetch domains from provider 'LocalFileProvider(/var/folders/c0/wmdw9g8d70xdy1xmlw3qmdfm0000gn/T/.tmpUHINQW/custom-domains.txt)': unable to read file: No such file or directory (os error 2)
2026-05-12T05:52:22.254514Z  WARN ic_gateway::routing::domain: CustomDomainStorage: unable to fetch domains from provider 'LocalFileProvider(/var/folders/c0/wmdw9g8d70xdy1xmlw3qmdfm0000gn/T/.tmpUHINQW/custom-domains.txt)': unable to read file: No such file or directory (os error 2)
2026-05-12T05:52:23.254479Z  WARN ic_gateway::routing::domain: CustomDomainStorage: unable to fetch domains from provider 'LocalFileProvider(/var/folders/c0/wmdw9g8d70xdy1xmlw3qmdfm0000gn/T/.tmpUHINQW/custom-domains.txt)': unable to read file: No such file or directory (os error 2)
2026-05-12T05:52:24.253812Z  WARN ic_gateway::routing::domain: CustomDomainStorage: unable to fetch domains from provider 'LocalFileProvider(/var/folders/c0/wmdw9g8d70xdy1xmlw3qmdfm0000gn/T/.tmpUHINQW/custom-domains.txt)': unable to read file: No such file or directory (os error 2)
2026-05-12T05:52:25.254101Z  WARN ic_gateway::routing::domain: CustomDomainStorage: unable to fetch domains from provider 'LocalFileProvider(/var/folders/c0/wmdw9g8d70xdy1xmlw3qmdfm0000gn/T/.tmpUHINQW/custom-domains.txt)': unable to read file: No such file or directory (os error 2)
2026-05-12T05:52:26.253133Z  WARN ic_gateway::routing::domain: CustomDomainStorage: unable to fetch domains from provider 'LocalFileProvider(/var/folders/c0/wmdw9g8d70xdy1xmlw3qmdfm0000gn/T/.tmpUHINQW/custom-domains.txt)': unable to read file: No such file or directory (os error 2)
2026-05-12T05:52:27.254633Z  WARN ic_gateway::routing::domain: CustomDomainStorage: unable to fetch domains from provider 'LocalFileProvider(/var/folders/c0/wmdw9g8d70xdy1xmlw3qmdfm0000gn/T/.tmpUHINQW/custom-domains.txt)': unable to read file: No such file or directory (os error 2)
2026-05-12T05:52:28.253820Z  WARN ic_gateway::routing::domain: CustomDomainStorage: unable to fetch domains from provider 'LocalFileProvider(/var/folders/c0/wmdw9g8d70xdy1xmlw3qmdfm0000gn/T/.tmpUHINQW/custom-domains.txt)': unable to read file: No such file or directory (os error 2)
2026-05-12T05:52:29.254529Z  WARN ic_gateway::routing::domain: CustomDomainStorage: got new set of domains: 1 (0 duplicates)
May 12 05:52:37.265 WARN s:/n:/ic_query_stats/payload_builder Current stats are uninitialized. This warning should go away after some minutes if the replica is processing query calls.
May 12 05:52:37.997 WARN s:/n:/ic_query_stats/payload_builder Current stats are uninitialized. This warning should go away after some minutes if the replica is processing query calls.
May 12 05:53:07.284 WARN s:/n:/ic_query_stats/payload_builder Current stats are uninitialized. This warning should go away after some minutes if the replica is processing query calls.
May 12 05:53:37.342 WARN s:/n:/ic_query_stats/payload_builder Current stats are uninitialized. This warning should go away after some minutes if the replica is processing query calls.
May 12 05:54:07.436 WARN s:/n:/ic_query_stats/payload_builder Current stats are uninitialized. This warning should go away after some minutes if the replica is processing query calls.
May 12 05:54:37.477 WARN s:/n:/ic_query_stats/payload_builder Current stats are uninitialized. This warning should go away after some minutes if the replica is processing query calls.
May 12 05:55:07.566 WARN s:/n:/ic_query_stats/payload_builder Current stats are uninitialized. This warning should go away after some minutes if the replica is processing query calls.
May 12 05:55:37.621 WARN s:/n:/ic_query_stats/payload_builder Current stats are uninitialized. This warning should go away after some minutes if the replica is processing query calls.
May 12 05:56:07.659 WARN s:/n:/ic_query_stats/payload_builder Current stats are uninitialized. This warning should go away after some minutes if the replica is processing query calls.
May 12 05:56:37.705 WARN s:/n:/ic_query_stats/payload_builder Current stats are uninitialized. This warning should go away after some minutes if the replica is processing query calls.
May 12 05:57:07.813 WARN s:/n:/ic_query_stats/payload_builder Current stats are uninitialized. This warning should go away after some minutes if the replica is processing query calls.
May 12 05:57:37.854 WARN s:/n:/ic_query_stats/payload_builder Current stats are uninitialized. This warning should go away after some minutes if the replica is processing query calls.
May 12 05:58:07.916 WARN s:/n:/ic_query_stats/payload_builder Current stats are uninitialized. This warning should go away after some minutes if the replica is processing query calls.
May 12 05:58:37.965 WARN s:/n:/ic_query_stats/payload_builder Current stats are uninitialized. This warning should go away after some minutes if the replica is processing query calls.
May 12 05:59:08.008 WARN s:/n:/ic_query_stats/payload_builder Current stats are uninitialized. This warning should go away after some minutes if the replica is processing query calls.
May 12 05:59:38.086 WARN s:/n:/ic_query_stats/payload_builder Current stats are uninitialized. This warning should go away after some minutes if the replica is processing query calls.
May 12 06:00:08.129 WARN s:/n:/ic_query_stats/payload_builder Current stats are uninitialized. This warning should go away after some minutes if the replica is processing query calls.
May 12 06:00:38.187 WARN s:/n:/ic_query_stats/payload_builder Current stats are uninitialized. This warning should go away after some minutes if the replica is processing query calls.
May 12 06:01:08.262 WARN s:/n:/ic_query_stats/payload_builder Current stats are uninitialized. This warning should go away after some minutes if the replica is processing query calls.
May 12 06:01:38.351 WARN s:/n:/ic_query_stats/payload_builder Current stats are uninitialized. This warning should go away after some minutes if the replica is processing query calls.
May 12 06:02:08.443 WARN s:/n:/ic_query_stats/payload_builder Current stats are uninitialized. This warning should go away after some minutes if the replica is processing query calls.
May 12 06:02:38.477 WARN s:/n:/ic_query_stats/payload_builder Current stats are uninitialized. This warning should go away after some minutes if the replica is processing query calls.
May 12 06:03:08.569 WARN s:/n:/ic_query_stats/payload_builder Current stats are uninitialized. This warning should go away after some minutes if the replica is processing query calls.
May 12 06:03:38.627 WARN s:/n:/ic_query_stats/payload_builder Current stats are uninitialized. This warning should go away after some minutes if the replica is processing query calls.
May 12 06:04:08.675 WARN s:/n:/ic_query_stats/payload_builder Current stats are uninitialized. This warning should go away after some minutes if the replica is processing query calls.
May 12 06:04:38.750 WARN s:/n:/ic_query_stats/payload_builder Current stats are uninitialized. This warning should go away after some minutes if the replica is processing query calls.
May 12 06:05:08.794 WARN s:/n:/ic_query_stats/payload_builder Current stats are uninitialized. This warning should go away after some minutes if the replica is processing query calls.
May 12 06:05:38.874 WARN s:/n:/ic_query_stats/payload_builder Current stats are uninitialized. This warning should go away after some minutes if the replica is processing query calls.
May 12 06:06:08.955 WARN s:/n:/ic_query_stats/payload_builder Current stats are uninitialized. This warning should go away after some minutes if the replica is processing query calls.
